[debug] [2026-09-17T16:41:21.935Z] ----------------------------------------------------------------------
[debug] [2026-09-17T16:41:21.937Z] Command:       C:\Users\ray\Documents\GitHub\node.exe C:\Users\ray\AppData\Local\npm-cache\_npx\ba4f1959e38407b5\node_modules\firebase-tools\lib\bin\firebase.js deploy --only apphosting:starcast-backend --project starcastonline-live
[debug] [2026-09-17T16:41:21.937Z] CLI Version:   15.30.1
[debug] [2026-09-17T16:41:21.937Z] Platform:      win32
[debug] [2026-09-17T16:41:21.937Z] Node Version:  v24.19.0
[debug] [2026-09-17T16:41:21.937Z] Detected Agent: antigravity
[debug] [2026-09-17T16:41:21.938Z] Time:          Thu Sep 17 2026 11:41:21 GMT-0500 (Central Daylight Time)
[debug] [2026-09-17T16:41:21.938Z] ----------------------------------------------------------------------
[debug] 
[debug] [2026-09-17T16:41:23.077Z] > command requires scopes: ["email","openid","https://www.googleapis.com/auth/cloudplatformprojects.readonly","https://www.googleapis.com/auth/firebase","https://www.googleapis.com/auth/cloud-platform"]
[debug] [2026-09-17T16:41:23.077Z] > authorizing via signed-in user (raystarnes816@gmail.com)
[debug] [2026-09-17T16:41:23.077Z] [iam] checking project starcastonline-live for permissions ["firebase.projects.get"]
[debug] [2026-09-17T16:41:23.088Z] Checked if tokens are valid: false, expires at: 1789663582490
[debug] [2026-09-17T16:41:23.088Z] Checked if tokens are valid: false, expires at: 1789663582490
[debug] [2026-09-17T16:41:23.088Z] > refreshing access token with scopes: []
[debug] [2026-09-17T16:41:23.090Z] >>> [apiv2][query] POST https://www.googleapis.com/oauth2/v3/token [none]
[debug] [2026-09-17T16:41:23.090Z] >>> [apiv2][body] POST https://www.googleapis.com/oauth2/v3/token [omitted]
[debug] [2026-09-17T16:41:23.206Z] <<< [apiv2][status] POST https://www.googleapis.com/oauth2/v3/token 200
[debug] [2026-09-17T16:41:23.206Z] <<< [apiv2][body] POST https://www.googleapis.com/oauth2/v3/token [omitted]
[debug] [2026-09-17T16:41:23.215Z] >>> [apiv2][query] POST https://cloudresourcemanager.googleapis.com/v1/projects/starcastonline-live:testIamPermissions [none]
[debug] [2026-09-17T16:41:23.215Z] >>> [apiv2][(partial)header] POST https://cloudresourcemanager.googleapis.com/v1/projects/starcastonline-live:testIamPermissions  x-goog-user-project=starcastonline-live
[debug] [2026-09-17T16:41:23.215Z] >>> [apiv2][body] POST https://cloudresourcemanager.googleapis.com/v1/projects/starcastonline-live:testIamPermissions {"permissions":["firebase.projects.get"]}
[debug] [2026-09-17T16:41:23.417Z] <<< [apiv2][status] POST https://cloudresourcemanager.googleapis.com/v1/projects/starcastonline-live:testIamPermissions 200
[debug] [2026-09-17T16:41:23.417Z] <<< [apiv2][body] POST https://cloudresourcemanager.googleapis.com/v1/projects/starcastonline-live:testIamPermissions {"permissions":["firebase.projects.get"]}
[info] 
[info] === Deploying to 'starcastonline-live'...
[info] 
[info] i  deploying apphosting 
[debug] [2026-09-17T16:41:23.429Z] Checked if tokens are valid: true, expires at: 1789666882206
[debug] [2026-09-17T16:41:23.429Z] Checked if tokens are valid: true, expires at: 1789666882206
[debug] [2026-09-17T16:41:23.429Z] >>> [apiv2][query] POST https://iam.googleapis.com/v1/projects/starcastonline-live/serviceAccounts/firebase-app-hosting-compute@starcastonline-live.iam.gserviceaccount.com:testIamPermissions [none]
[debug] [2026-09-17T16:41:23.429Z] >>> [apiv2][(partial)header] POST https://iam.googleapis.com/v1/projects/starcastonline-live/serviceAccounts/firebase-app-hosting-compute@starcastonline-live.iam.gserviceaccount.com:testIamPermissions  x-goog-user-project=starcastonline-live
[debug] [2026-09-17T16:41:23.429Z] >>> [apiv2][body] POST https://iam.googleapis.com/v1/projects/starcastonline-live/serviceAccounts/firebase-app-hosting-compute@starcastonline-live.iam.gserviceaccount.com:testIamPermissions {"permissions":["iam.serviceAccounts.actAs"]}
[debug] [2026-09-17T16:41:23.636Z] <<< [apiv2][status] POST https://iam.googleapis.com/v1/projects/starcastonline-live/serviceAccounts/firebase-app-hosting-compute@starcastonline-live.iam.gserviceaccount.com:testIamPermissions 200
[debug] [2026-09-17T16:41:23.636Z] <<< [apiv2][body] POST https://iam.googleapis.com/v1/projects/starcastonline-live/serviceAccounts/firebase-app-hosting-compute@starcastonline-live.iam.gserviceaccount.com:testIamPermissions {"permissions":["iam.serviceAccounts.actAs"]}
[debug] [2026-09-17T16:41:23.637Z] Checked if tokens are valid: true, expires at: 1789666882206
[debug] [2026-09-17T16:41:23.637Z] Checked if tokens are valid: true, expires at: 1789666882206
[debug] [2026-09-17T16:41:23.638Z] >>> [apiv2][query] GET https://iam.googleapis.com/v1/projects/starcastonline-live/serviceAccounts/firebase-app-hosting-compute@starcastonline-live.iam.gserviceaccount.com [none]
[debug] [2026-09-17T16:41:23.712Z] <<< [apiv2][status] GET https://iam.googleapis.com/v1/projects/starcastonline-live/serviceAccounts/firebase-app-hosting-compute@starcastonline-live.iam.gserviceaccount.com 200
[debug] [2026-09-17T16:41:23.713Z] <<< [apiv2][body] GET https://iam.googleapis.com/v1/projects/starcastonline-live/serviceAccounts/firebase-app-hosting-compute@starcastonline-live.iam.gserviceaccount.com {"name":"projects/starcastonline-live/serviceAccounts/firebase-app-hosting-compute@starcastonline-live.iam.gserviceaccount.com","projectId":"starcastonline-live","uniqueId":"102010882803900258497","email":"firebase-app-hosting-compute@starcastonline-live.iam.gserviceaccount.com","displayName":"Firebase App Hosting compute service account","etag":"MDEwMjE5MjA=","description":"Default service account used to run builds and deploys for Firebase App Hosting","oauth2ClientId":"102010882803900258497"}
[debug] [2026-09-17T16:41:23.713Z] Checked if tokens are valid: true, expires at: 1789666882206
[debug] [2026-09-17T16:41:23.713Z] Checked if tokens are valid: true, expires at: 1789666882206
[debug] [2026-09-17T16:41:23.714Z] >>> [apiv2][query] POST https://cloudresourcemanager.googleapis.com/v1/projects/starcastonline-live:getIamPolicy [none]
[debug] [2026-09-17T16:41:24.002Z] <<< [apiv2][status] POST https://cloudresourcemanager.googleapis.com/v1/projects/starcastonline-live:getIamPolicy 200
[debug] [2026-09-17T16:41:24.003Z] <<< [apiv2][body] POST https://cloudresourcemanager.googleapis.com/v1/projects/starcastonline-live:getIamPolicy {"version":1,"etag":"BwZbsCb3NIE=","bindings":[{"role":"roles/artifactregistry.serviceAgent","members":["serviceAccount:service-713609005713@gcp-sa-artifactregistry.iam.gserviceaccount.com"]},{"role":"roles/cloudbuild.builds.builder","members":["serviceAccount:713609005713@cloudbuild.gserviceaccount.com"]},{"role":"roles/cloudbuild.serviceAgent","members":["serviceAccount:service-713609005713@gcp-sa-cloudbuild.iam.gserviceaccount.com"]},{"role":"roles/containerregistry.ServiceAgent","members":["serviceAccount:service-713609005713@containerregistry.iam.gserviceaccount.com"]},{"role":"roles/developerconnect.readTokenAccessor","members":["serviceAccount:firebase-app-hosting-compute@starcastonline-live.iam.gserviceaccount.com"]},{"role":"roles/editor","members":["serviceAccount:713609005713-compute@developer.gserviceaccount.com","serviceAccount:713609005713@cloudservices.gserviceaccount.com"]},{"role":"roles/firebase.managementServiceAgent","members":["serviceAccount:service-713609005713@gcp-sa-firebase.iam.gserviceaccount.com"]},{"role":"roles/firebase.sdkAdminServiceAgent","members":["serviceAccount:firebase-adminsdk-fbsvc@starcastonline-live.iam.gserviceaccount.com","serviceAccount:firebase-app-hosting-compute@starcastonline-live.iam.gserviceaccount.com"]},{"role":"roles/firebaseapphosting.computeRunner","members":["serviceAccount:firebase-app-hosting-compute@starcastonline-live.iam.gserviceaccount.com"]},{"role":"roles/firebaseapphosting.serviceAgent","members":["serviceAccount:service-713609005713@gcp-sa-firebaseapphosting.iam.gserviceaccount.com"]},{"role":"roles/iam.serviceAccountTokenCreator","members":["serviceAccount:firebase-adminsdk-fbsvc@starcastonline-live.iam.gserviceaccount.com"]},{"role":"roles/owner","members":["user:raystarnes816@gmail.com"]},{"role":"roles/run.serviceAgent","members":["serviceAccount:service-713609005713@serverless-robot-prod.iam.gserviceaccount.com"]},{"role":"roles/storage.objectViewer","members":["serviceAccount:firebase-app-hosting-compute@starcastonline-live.iam.gserviceaccount.com"]}]}
[debug] [2026-09-17T16:41:24.004Z] Checked if tokens are valid: true, expires at: 1789666882206
[debug] [2026-09-17T16:41:24.004Z] Checked if tokens are valid: true, expires at: 1789666882206
[debug] [2026-09-17T16:41:24.005Z] >>> [apiv2][query] POST https://cloudresourcemanager.googleapis.com/v1/projects/starcastonline-live:setIamPolicy [none]
[debug] [2026-09-17T16:41:24.005Z] >>> [apiv2][body] POST https://cloudresourcemanager.googleapis.com/v1/projects/starcastonline-live:setIamPolicy {"policy":{"version":1,"etag":"BwZbsCb3NIE=","bindings":[{"role":"roles/artifactregistry.serviceAgent","members":["serviceAccount:service-713609005713@gcp-sa-artifactregistry.iam.gserviceaccount.com"]},{"role":"roles/cloudbuild.builds.builder","members":["serviceAccount:713609005713@cloudbuild.gserviceaccount.com"]},{"role":"roles/cloudbuild.serviceAgent","members":["serviceAccount:service-713609005713@gcp-sa-cloudbuild.iam.gserviceaccount.com"]},{"role":"roles/containerregistry.ServiceAgent","members":["serviceAccount:service-713609005713@containerregistry.iam.gserviceaccount.com"]},{"role":"roles/developerconnect.readTokenAccessor","members":["serviceAccount:firebase-app-hosting-compute@starcastonline-live.iam.gserviceaccount.com"]},{"role":"roles/editor","members":["serviceAccount:713609005713-compute@developer.gserviceaccount.com","serviceAccount:713609005713@cloudservices.gserviceaccount.com"]},{"role":"roles/firebase.managementServiceAgent","members":["serviceAccount:service-713609005713@gcp-sa-firebase.iam.gserviceaccount.com"]},{"role":"roles/firebase.sdkAdminServiceAgent","members":["serviceAccount:firebase-adminsdk-fbsvc@starcastonline-live.iam.gserviceaccount.com","serviceAccount:firebase-app-hosting-compute@starcastonline-live.iam.gserviceaccount.com"]},{"role":"roles/firebaseapphosting.computeRunner","members":["serviceAccount:firebase-app-hosting-compute@starcastonline-live.iam.gserviceaccount.com"]},{"role":"roles/firebaseapphosting.serviceAgent","members":["serviceAccount:service-713609005713@gcp-sa-firebaseapphosting.iam.gserviceaccount.com"]},{"role":"roles/iam.serviceAccountTokenCreator","members":["serviceAccount:firebase-adminsdk-fbsvc@starcastonline-live.iam.gserviceaccount.com"]},{"role":"roles/owner","members":["user:raystarnes816@gmail.com"]},{"role":"roles/run.serviceAgent","members":["serviceAccount:service-713609005713@serverless-robot-prod.iam.gserviceaccount.com"]},{"role":"roles/storage.objectViewer","members":["serviceAccount:firebase-app-hosting-compute@starcastonline-live.iam.gserviceaccount.com"]}]},"updateMask":"bindings"}
